{
  "key" : {
    "uuid" : "test_uuid"
  },
  "highlights" : [ "highlight1", "highlight2" ],
  "results" : [ {
    "type" : "table",
    "componentId" : "table-1234",
    "fields" : [ {
      "id" : "test",
      "name" : "test",
      "expression" : "${test}",
      "width" : 200,
      "visible" : true,
      "special" : false
    } ],
    "rows" : [ {
      "groupKey" : "groupKey",
      "values" : [ "test" ],
      "depth" : 5
    } ],
    "resultRange" : {
      "offset" : 1,
      "length" : 2
    },
    "totalResults" : 1,
    "errors" : [ "tableResultError" ],
    "errorMessages" : [ {
      "severity" : "ERROR",
      "message" : "tableResultError"
    } ]
  }, {
    "type" : "flat",
    "componentId" : "vis-1234",
    "structure" : [ {
      "id" : "val1",
      "name" : "val1",
      "expression" : "${val1}",
      "format" : {
        "type" : "GENERAL"
      },
      "width" : 200,
      "visible" : true,
      "special" : false
    }, {
      "id" : "val2",
      "name" : "val2",
      "expression" : "${val2}",
      "format" : {
        "type" : "NUMBER"
      },
      "width" : 200,
      "visible" : true,
      "special" : false
    }, {
      "id" : "val3",
      "name" : "val3",
      "expression" : "${val3}",
      "format" : {
        "type" : "NUMBER"
      },
      "width" : 200,
      "visible" : true,
      "special" : false
    }, {
      "id" : "val4",
      "name" : "val4",
      "expression" : "${val4}",
      "format" : {
        "type" : "GENERAL"
      },
      "width" : 200,
      "visible" : true,
      "special" : false
    } ],
    "values" : [ [ "test0", 0.4, 234, "this0" ], [ "test1", 0.5, 25634, "this1" ], [ "test2", 0.6, 27, "this2" ], [ "test3", 0.7, 344, "this3" ], [ "test4", 0.2, 8984, "this4" ], [ "test5", 0.33, 3244, "this5" ], [ "test6", 34.66, 44, "this6" ], [ "test7", 2.33, 74, "this7" ] ],
    "size" : 200,
    "errors" : [ "visResultError" ],
    "errorMessages" : [ {
      "severity" : "ERROR",
      "message" : "visResultError"
    } ]
  } ],
  "errors" : [ "some error" ],
  "complete" : false,
  "errorMessages" : [ {
    "severity" : "ERROR",
    "message" : "some error"
  } ]
}
